
> vibe-generated-app@1.0.0 dev
> vite


  VITE v5.4.20  ready in 282 ms

  ➜  Local:   http://localhost:3000/
  ➜  Network: http://172.20.0.244:3000/
11:52:45 AM [vite] Pre-transform error: Failed to resolve import "@react-three/fiber" from "src/components/DemoSection.jsx". Does the file exist?
11:52:46 AM [vite] ✨ new dependencies optimized: lucide-react, framer-motion, @splinetool/react-spline
11:52:46 AM [vite] ✨ optimized dependencies changed. reloading
The file does not exist at "/home/workspace/node_modules/.vite/deps/chunk-I4MZPW7S.js?v=35394813" which is in the optimize deps directory. The dependency might be incompatible with the dep optimizer. Try adding it to `optimizeDeps.exclude`.
The file does not exist at "/home/workspace/node_modules/.vite/deps/chunk-XPR23Y44.js?v=35394813" which is in the optimize deps directory. The dependency might be incompatible with the dep optimizer. Try adding it to `optimizeDeps.exclude`.
11:52:46 AM [vite] Internal server error: Failed to resolve import "@react-three/fiber" from "src/components/DemoSection.jsx". Does the file exist?
  Plugin: vite:import-analysis
  File: /home/workspace/src/components/DemoSection.jsx:2:23
  1  |  import { jsxDEV } from "react/jsx-dev-runtime";
  2  |  import { useRef, useState } from "react";
  3  |  import { Canvas } from "@react-three/fiber";
     |                          ^
  4  |  import { OrbitControls, Environment } from "@react-three/drei";
  5  |  function WallsAndFloor({ wallColor = "#94a3b8" }) {
      at TransformPluginContext._formatError (file:///home/workspace/node_modules/vite/dist/node/chunks/dep-D_zLpgQd.js:49258:41)
      at TransformPluginContext.error (file:///home/workspace/node_modules/vite/dist/node/chunks/dep-D_zLpgQd.js:49253:16)
      at normalizeUrl (file:///home/workspace/node_modules/vite/dist/node/chunks/dep-D_zLpgQd.js:64306:23)
      at process.processTicksAndRejections (node:internal/process/task_queues:105:5)
      at async file:///home/workspace/node_modules/vite/dist/node/chunks/dep-D_zLpgQd.js:64438:39
      at async Promise.all (index 2)
      at async TransformPluginContext.transform (file:///home/workspace/node_modules/vite/dist/node/chunks/dep-D_zLpgQd.js:64365:7)
      at async PluginContainer.transform (file:///home/workspace/node_modules/vite/dist/node/chunks/dep-D_zLpgQd.js:49099:18)
      at async loadAndTransform (file:///home/workspace/node_modules/vite/dist/node/chunks/dep-D_zLpgQd.js:51977:27)
      at async viteTransformMiddleware (file:///home/workspace/node_modules/vite/dist/node/chunks/dep-D_zLpgQd.js:62105:24)
